
SQL*Loader: Release 11.2.0.2.0 - Production on Fri Aug 21 08:15:47 2026

Copyright (c) 1982, 2009, Oracle and/or its affiliates.  All rights reserved.

Control File:   food_orders.ctl
Data File:      D:\Project\SQL\food_orders.csv
  Bad File:     food_orders.bad
  Discard File:  none specified
 
 (Allow all discards)

Number to load: ALL
Number to skip: 1
Errors allowed: 50
Bind array:     64 rows, maximum of 256000 bytes
Continuation:    none specified
Path used:      Conventional

Table FOOD_ORDERS, loaded from every logical record.
Insert option in effect for this table: APPEND
TRAILING NULLCOLS option in effect

   Column Name                  Position   Len  Term Encl Datatype
------------------------------ ---------- ----- ---- ---- ---------------------
ORDER_ID                            FIRST     *   ,  O(") CHARACTER            
CUSTOMER_NAME                        NEXT     *   ,  O(") CHARACTER            
FOOD_ITEM                            NEXT     *   ,  O(") CHARACTER            
CATEGORY                             NEXT     *   ,  O(") CHARACTER            
QUANTITY                             NEXT     *   ,  O(") CHARACTER            
PRICE                                NEXT     *   ,  O(") CHARACTER            
PAYMENT_METHOD                       NEXT     *   ,  O(") CHARACTER            
ORDER_TIME                           NEXT     *   ,  O(") DATETIME YYYY-MM-DD HH24:MI:SS


Table FOOD_ORDERS:
  500 Rows successfully loaded.
  0 Rows not loaded due to data errors.
  0 Rows not loaded because all WHEN clauses were failed.
  0 Rows not loaded because all fields were null.


Space allocated for bind array:                 132096 bytes(64 rows)
Read   buffer bytes: 1048576

Total logical records skipped:          1
Total logical records read:           500
Total logical records rejected:         0
Total logical records discarded:        0

Run began on Fri Aug 21 08:15:47 2026
Run ended on Fri Aug 21 08:15:47 2026

Elapsed time was:     00:00:00.27
CPU time was:         00:00:00.06
